serialized to "\162ak\198\000ah\129\162\000\001\001\251@\000\000\000\000\000\000\000"
len: 21
foo after roundtrip: { T1.a = 1; b = 2. }
