big_tree: 7:=T (6:=T (4:=T (3:=T (0:=N {x=41, y=None},
                                  1:=N {x=2, y=Some "hello"}),
                            3:=T (0:=N {x=41, y=None},
                                  1:=N {x=2, y=Some "hello"})),
                      5:=T (4:=T (3:=T (0:=N {x=41, y=None},
                                        1:=N {x=2, y=Some "hello"}),
                                  3:=T (0:=N {x=41, y=None},
                                        1:=N {x=2, y=Some "hello"})),
                            2:=N {x=3, y=Some "world"})),
                6:=T (4:=T (3:=T (0:=N {x=41, y=None},
                                  1:=N {x=2, y=Some "hello"}),
                            3:=T (0:=N {x=41, y=None},
                                  1:=N {x=2, y=Some "hello"})),
                      5:=T (4:=T (3:=T (0:=N {x=41, y=None},
                                        1:=N {x=2, y=Some "hello"}),
                                  3:=T (0:=N {x=41, y=None},
                                        1:=N {x=2, y=Some "hello"})),
                            2:=N {x=3, y=Some "world"})))
ser(big_tree): {h=[0: {0: 3, 1: ["world"]};
                   1: [2, ["N", 6(0)]];
                   2: {0: 2, 1: ["hello"]};
                   3: [1, ["N", 6(2)]];
                   4: {0: 41, 1: []};
                   5: [0, ["N", 6(4)]];
                   6: [3, ["T", 6(5), 6(3)]];
                   7: [4, ["T", 6(6), 6(6)]];
                   8: [5, ["T", 6(7), 6(1)]];
                   9: [6, ["T", 6(7), 6(8)]];
                   10: [7, ["T", 6(9), 6(9)]];
                   ];
                k=6(10)}
size: 102
marshal size: 71
deser(ser(big_tree)): 7:=T (6:=T (4:=T (3:=T (0:=N {x=41, y=None},
                                              1:=N {x=2, y=Some "hello"}),
                                        3:=T (0:=N {x=41, y=None},
                                              1:=N {x=2, y=Some "hello"})),
                                  5:=T (4:=T (3:=T (0:=N {x=41, y=None},
                                                    1:=N {x=2, y=Some "hello"}),
                                              3:=T (0:=N {x=41, y=None},
                                                    1:=N {x=2, y=Some "hello"})),
                                        2:=N {x=3, y=Some "world"})),
                            6:=T (4:=T (3:=T (0:=N {x=41, y=None},
                                              1:=N {x=2, y=Some "hello"}),
                                        3:=T (0:=N {x=41, y=None},
                                              1:=N {x=2, y=Some "hello"})),
                                  5:=T (4:=T (3:=T (0:=N {x=41, y=None},
                                                    1:=N {x=2, y=Some "hello"}),
                                              3:=T (0:=N {x=41, y=None},
                                                    1:=N {x=2, y=Some "hello"})),
                                        2:=N {x=3, y=Some "world"})))
equal? true
