Fatal error: exception Failure("typereg collision in '_none_': type def \"t\" in \"Dune__exe__T1\" is already present.")
