foo0: h1=2555085423898945258
foo0: h2=2555085423898945258
foo1: h1=2938590176187398597
foo1: h2=2938590176187398597
Foo.t: h1=1559233645305003842
Foo.t: h2=50189082683748162
h b1=2938590176187398597
h b2=1968499025866721020
h b3=4167027010251163605
h b4=2139279878264748759
hash foos 1=1244691337336037849
hash foos 2 (same)=1244691337336037849
hash poly=2923589634731447505
OK
