testing old stdout
from stdin: hello
from stdin: world
