serialized { T1.a = 7; b = 2. } to "b\0231\000\000\000\000\000\000\000@\n"
hex:
00000000: 6217 3100 0000 0000 0000 400a            b.1.......@.

len: 12
foo after roundtrip: { T1.a = 7; b = 2. }
