serialized:
[0x0]: C_0(C_0)
[0x2]: C_0(C_1)
[0x4]: C_1(ref(0x0))
[0x6]: C_1(ref(0x2))
[0x8]: [@0x4, @0x6] (len=2)
[0xb]: [@0x8] (len=1)

