normal.size=140, flush.size=140
normal.size=16895, flush.size=16895
normal.size=1988897, flush.size=1988897
