x: (T4.F "hello\0000world")
enc(x): "\176Lhello\0000world\r"
len: 15
hex:
00000000: b04c 6865 6c6c 6f00 3077 6f72 6c64 0d    .Lhello.0world.

deser: (T4.F "hello\0000world")
t2: { T4.t1s =
      [(Some (T4.F "hello\0000world")); None; (Some (T4.F "hello\0000world"))
        ]
      }
enc(t2): "\176Lhello\0000worlda\254\176Lhello\0000worlda\254c\255\003\002\245a\245\001"
len: 40
hex:
00000000: b04c 6865 6c6c 6f00 3077 6f72 6c64 61fe  .Lhello.0worlda.
00000001: b04c 6865 6c6c 6f00 3077 6f72 6c64 61fe  .Lhello.0worlda.
00000002: 63ff 0302 f561 f501                      c....a..

dump:
[0x0]: C_0("hello\0000world")
[0xe]: [@0x0] (len=1)
[0x10]: C_0("hello\0000world")
[0x1e]: [@0x10] (len=1)
[0x20]: [@0xe, null, @0x1e] (len=3)
[0x25]: [@0x20] (len=1)

deser: { T4.t1s =
         [(Some (T4.F "hello\0000world")); None;
           (Some (T4.F "hello\0000world"))]
         }
