m:
00000000: 0200                                     ..

size of empty msg is 2
