failed: File "src/twine/dump.ml", line 83, characters 6-12: Assertion failed
