size(p): 35421
twine(p): 758494 B
serpack(p): 2614532 B
marshal(p): 518257 B
size(p2): 35421
